should render a ServiceAccount matching the default snapshot:
  1: |
    apiVersion: v1
    automountServiceAccountToken: true
    kind: ServiceAccount
    metadata:
      labels:
        app: cert-manager
        app.kubernetes.io/component: controller
        app.kubernetes.io/instance: cert-manager
        app.kubernetes.io/managed-by: Helm
        app.kubernetes.io/name: cert-manager
        app.kubernetes.io/version: v0.0.0
        helm.sh/chart: cert-manager-v0.0.0
      name: cert-manager
      namespace: cert-manager
