---
version: 1
rwmutex: {}
interactions:
- request:
    body: |
      {"TableName":"table29storageentitysuitetestins"}
    form: {}
    headers:
      Accept:
      - application/json;odata=nometadata
      Accept-Charset:
      - UTF-8
      Authorization:
      - SharedKey golangrocksonazure:EZbr90rtN7p5TmCd/xfA3tm6NyuGDRnetLfXXOuS8g0=
      Content-Length:
      - "49"
      Content-Type:
      - application/json
      Prefer:
      - return-no-content
      User-Agent:
      - Go/go1.9beta1 (amd64-windows) azure-storage-go/10.0.2 api-version/2016-05-31
        table
      x-ms-date:
      - Thu, 20 Jul 2017 23:34:05 GMT
      x-ms-version:
      - 2016-05-31
    url: https://golangrocksonazure.table.core.windows.net/Tables?timeout=30
    method: POST
  response:
    body: ""
    headers:
      Cache-Control:
      - no-cache
      Content-Length:
      - "0"
      Dataserviceid:
      - https://golangrocksonazure.table.core.windows.net/Tables('table29storageentitysuitetestins')
      Date:
      - Thu, 20 Jul 2017 23:34:05 GMT
      Location:
      - https://golangrocksonazure.table.core.windows.net/Tables('table29storageentitysuitetestins')
      Preference-Applied:
      - return-no-content
      Server:
      - Windows-Azure-Table/1.0 Microsoft-HTTPAPI/2.0
      X-Content-Type-Options:
      - nosniff
      X-Ms-Request-Id:
      - 875b81e7-0002-0036-07b0-0102e5000000
      X-Ms-Version:
      - 2016-05-31
    status: 204 No Content
    code: 204
- request:
    body: '{"AmountDue":200.23,"CustomerCode":"c9da6455-213d-42c9-9a79-3e9149a57833","CustomerCode@odata.type":"Edm.Guid","CustomerSince":"1992-12-20T21:55:00Z","CustomerSince@odata.type":"Edm.DateTime","IsActive":true,"NumberOfOrders":"255","NumberOfOrders@odata.type":"Edm.Int64","PartitionKey":"mypartitionkey","RowKey":"myrowkey"}'
    form: {}
    headers:
      Accept:
      - application/json;odata=nometadata
      Accept-Charset:
      - UTF-8
      Authorization:
      - SharedKey golangrocksonazure:nJTyk/VW6pkVp0p0EWBNHYn1igE0AKbYBFl372P7shQ=
      Content-Length:
      - "323"
      Content-Type:
      - application/json
      Prefer:
      - return-no-content
      User-Agent:
      - Go/go1.9beta1 (amd64-windows) azure-storage-go/10.0.2 api-version/2016-05-31
        table
      x-ms-date:
      - Thu, 20 Jul 2017 23:34:05 GMT
      x-ms-version:
      - 2016-05-31
    url: https://golangrocksonazure.table.core.windows.net/table29storageentitysuitetestins
    method: POST
  response:
    body: ""
    headers:
      Cache-Control:
      - no-cache
      Content-Length:
      - "0"
      Dataserviceid:
      - https://golangrocksonazure.table.core.windows.net/table29storageentitysuitetestins(PartitionKey='mypartitionkey',RowKey='myrowkey')
      Date:
      - Thu, 20 Jul 2017 23:34:05 GMT
      Etag:
      - W/"datetime'2017-07-20T23%3A34%3A05.9075516Z'"
      Location:
      - https://golangrocksonazure.table.core.windows.net/table29storageentitysuitetestins(PartitionKey='mypartitionkey',RowKey='myrowkey')
      Preference-Applied:
      - return-no-content
      Server:
      - Windows-Azure-Table/1.0 Microsoft-HTTPAPI/2.0
      X-Content-Type-Options:
      - nosniff
      X-Ms-Request-Id:
      - 875b81ee-0002-0036-0cb0-0102e5000000
      X-Ms-Version:
      - 2016-05-31
    status: 204 No Content
    code: 204
- request:
    body: '{"AmountDue":200.23,"CustomerCode":"c9da6455-213d-42c9-9a79-3e9149a57833","CustomerCode@odata.type":"Edm.Guid","CustomerSince":"1992-12-20T21:55:00Z","CustomerSince@odata.type":"Edm.DateTime","IsActive":true,"NumberOfOrders":"255","NumberOfOrders@odata.type":"Edm.Int64","PartitionKey":"mypartitionkey2","RowKey":"myrowkey2"}'
    form: {}
    headers:
      Accept:
      - application/json;odata=fullmetadata
      Accept-Charset:
      - UTF-8
      Authorization:
      - SharedKey golangrocksonazure:nJTyk/VW6pkVp0p0EWBNHYn1igE0AKbYBFl372P7shQ=
      Content-Length:
      - "325"
      Content-Type:
      - application/json
      Prefer:
      - return-content
      User-Agent:
      - Go/go1.9beta1 (amd64-windows) azure-storage-go/10.0.2 api-version/2016-05-31
        table
      x-ms-date:
      - Thu, 20 Jul 2017 23:34:05 GMT
      x-ms-version:
      - 2016-05-31
    url: https://golangrocksonazure.table.core.windows.net/table29storageentitysuitetestins
    method: POST
  response:
    body: '{"odata.metadata":"https://golangrocksonazure.table.core.windows.net/$metadata#table29storageentitysuitetestins/@Element","odata.type":"golangrocksonazure.table29storageentitysuitetestins","odata.id":"https://golangrocksonazure.table.core.windows.net/table29storageentitysuitetestins(PartitionKey=''mypartitionkey2'',RowKey=''myrowkey2'')","odata.etag":"W/\"datetime''2017-07-20T23%3A34%3A05.9165584Z''\"","odata.editLink":"table29storageentitysuitetestins(PartitionKey=''mypartitionkey2'',RowKey=''myrowkey2'')","PartitionKey":"mypartitionkey2","RowKey":"myrowkey2","Timestamp@odata.type":"Edm.DateTime","Timestamp":"2017-07-20T23:34:05.9165584Z","AmountDue":200.23,"CustomerCode@odata.type":"Edm.Guid","CustomerCode":"c9da6455-213d-42c9-9a79-3e9149a57833","CustomerSince@odata.type":"Edm.DateTime","CustomerSince":"1992-12-20T21:55:00Z","IsActive":true,"NumberOfOrders@odata.type":"Edm.Int64","NumberOfOrders":"255"}'
    headers:
      Cache-Control:
      - no-cache
      Content-Type:
      - application/json;odata=fullmetadata;streaming=true;charset=utf-8
      Date:
      - Thu, 20 Jul 2017 23:34:05 GMT
      Etag:
      - W/"datetime'2017-07-20T23%3A34%3A05.9165584Z'"
      Location:
      - https://golangrocksonazure.table.core.windows.net/table29storageentitysuitetestins(PartitionKey='mypartitionkey2',RowKey='myrowkey2')
      Preference-Applied:
      - return-content
      Server:
      - Windows-Azure-Table/1.0 Microsoft-HTTPAPI/2.0
      X-Content-Type-Options:
      - nosniff
      X-Ms-Request-Id:
      - 875b81f3-0002-0036-11b0-0102e5000000
      X-Ms-Version:
      - 2016-05-31
    status: 201 Created
    code: 201
- request:
    body: ""
    form: {}
    headers:
      Accept:
      - application/json;odata=nometadata
      Authorization:
      - SharedKey golangrocksonazure:Xl7hSM6u8Fa4PpN2e3is1y9XlRgnAZAmKpBY8RF94xs=
      Prefer:
      - return-no-content
      User-Agent:
      - Go/go1.9beta1 (amd64-windows) azure-storage-go/10.0.2 api-version/2016-05-31
        table
      x-ms-date:
      - Thu, 20 Jul 2017 23:34:05 GMT
      x-ms-version:
      - 2016-05-31
    url: https://golangrocksonazure.table.core.windows.net/Tables%28%27table29storageentitysuitetestins%27%29?timeout=30
    method: DELETE
  response:
    body: ""
    headers:
      Cache-Control:
      - no-cache
      Content-Length:
      - "0"
      Date:
      - Thu, 20 Jul 2017 23:34:05 GMT
      Server:
      - Windows-Azure-Table/1.0 Microsoft-HTTPAPI/2.0
      X-Content-Type-Options:
      - nosniff
      X-Ms-Request-Id:
      - 875b81f5-0002-0036-13b0-0102e5000000
      X-Ms-Version:
      - 2016-05-31
    status: 204 No Content
    code: 204
