---
version: 1
rwmutex: {}
interactions:
- request:
    body: ""
    form: {}
    headers:
      Authorization:
      - SharedKey golangrocksonazure:7Ta5OgN4KzvI2Aph7iQ5/7/WyPhPQd67+uk7dUp/av4=
      User-Agent:
      - Go/go1.9beta1 (amd64-windows) azure-storage-go/10.0.2 api-version/2016-05-31
        blob
      x-ms-date:
      - Thu, 20 Jul 2017 23:33:55 GMT
      x-ms-version:
      - 2016-05-31
    url: https://golangrocksonazure.blob.core.windows.net/cnt-34blockblobsuitetestcreatebl?restype=container
    method: PUT
  response:
    body: ""
    headers:
      Date:
      - Thu, 20 Jul 2017 23:33:54 GMT
      Etag:
      - '"0x8D4CFC7C960D4EB"'
      Last-Modified:
      - Thu, 20 Jul 2017 23:33:55 GMT
      Server:
      - Windows-Azure-Blob/1.0 Microsoft-HTTPAPI/2.0
      X-Ms-Request-Id:
      - 7d612ea8-0001-0009-57b0-01ca46000000
      X-Ms-Version:
      - 2016-05-31
    status: 201 Created
    code: 201
- request:
    body: ""
    form: {}
    headers:
      Authorization:
      - SharedKey golangrocksonazure:rDGqAm7+8+mEzKvfTSKtqebwXRrwzF1u/jWZlsZ2f0g=
      Content-Length:
      - "0"
      User-Agent:
      - Go/go1.9beta1 (amd64-windows) azure-storage-go/10.0.2 api-version/2016-05-31
        blob
      x-ms-blob-type:
      - BlockBlob
      x-ms-date:
      - Thu, 20 Jul 2017 23:33:55 GMT
      x-ms-version:
      - 2016-05-31
    url: https://golangrocksonazure.blob.core.windows.net/cnt-34blockblobsuitetestcreatebl/blob/34blockblobsuitetestcreateblockblob
    method: PUT
  response:
    body: ""
    headers:
      Content-Md5:
      - 1B2M2Y8AsgTpgAmY7PhCfg==
      Date:
      - Thu, 20 Jul 2017 23:33:54 GMT
      Etag:
      - '"0x8D4CFC7C9BD87E5"'
      Last-Modified:
      - Thu, 20 Jul 2017 23:33:55 GMT
      Server:
      - Windows-Azure-Blob/1.0 Microsoft-HTTPAPI/2.0
      X-Ms-Request-Id:
      - 7d612eaa-0001-0009-58b0-01ca46000000
      X-Ms-Request-Server-Encrypted:
      - "true"
      X-Ms-Version:
      - 2016-05-31
    status: 201 Created
    code: 201
- request:
    body: ""
    form: {}
    headers:
      Authorization:
      - SharedKey golangrocksonazure:NbDop29fFMH2nP8wTv1E/u39WsRnrPg09GWJiYiPPEs=
      User-Agent:
      - Go/go1.9beta1 (amd64-windows) azure-storage-go/10.0.2 api-version/2016-05-31
        blob
      x-ms-date:
      - Thu, 20 Jul 2017 23:33:55 GMT
      x-ms-version:
      - 2016-05-31
    url: https://golangrocksonazure.blob.core.windows.net/cnt-34blockblobsuitetestcreatebl/blob/34blockblobsuitetestcreateblockblob?blocklisttype=all&comp=blocklist
    method: GET
  response:
    body: "\uFEFF\x3C\x3F\x78\x6D\x6C\x20\x76\x65\x72\x73\x69\x6F\x6E\x3D\"\x31\x2E\x30\"\x20\x65\x6E\x63\x6F\x64\x69\x6E\x67\x3D\"\x75\x74\x66\x2D\x38\"\x3F\x3E\x3C\x42\x6C\x6F\x63\x6B\x4C\x69\x73\x74\x3E\x3C\x43\x6F\x6D\x6D\x69\x74\x74\x65\x64\x42\x6C\x6F\x63\x6B\x73\x20\x2F\x3E\x3C\x55\x6E\x63\x6F\x6D\x6D\x69\x74\x74\x65\x64\x42\x6C\x6F\x63\x6B\x73\x20\x2F\x3E\x3C\x2F\x42\x6C\x6F\x63\x6B\x4C\x69\x73\x74\x3E"
    headers:
      Content-Type:
      - application/xml
      Date:
      - Thu, 20 Jul 2017 23:33:54 GMT
      Etag:
      - '"0x8D4CFC7C9BD87E5"'
      Last-Modified:
      - Thu, 20 Jul 2017 23:33:55 GMT
      Server:
      - Windows-Azure-Blob/1.0 Microsoft-HTTPAPI/2.0
      X-Ms-Blob-Content-Length:
      - "0"
      X-Ms-Request-Id:
      - 7d612eac-0001-0009-5ab0-01ca46000000
      X-Ms-Version:
      - 2016-05-31
    status: 200 OK
    code: 200
- request:
    body: ""
    form: {}
    headers:
      Authorization:
      - SharedKey golangrocksonazure:EJe1ZMGvlqWjP/vTJx7MMhsn+eVCN0CB0BJMLsOTw60=
      User-Agent:
      - Go/go1.9beta1 (amd64-windows) azure-storage-go/10.0.2 api-version/2016-05-31
        blob
      x-ms-date:
      - Thu, 20 Jul 2017 23:33:55 GMT
      x-ms-version:
      - 2016-05-31
    url: https://golangrocksonazure.blob.core.windows.net/cnt-34blockblobsuitetestcreatebl?restype=container
    method: DELETE
  response:
    body: ""
    headers:
      Date:
      - Thu, 20 Jul 2017 23:33:54 GMT
      Server:
      - Windows-Azure-Blob/1.0 Microsoft-HTTPAPI/2.0
      X-Ms-Request-Id:
      - 7d612eae-0001-0009-5cb0-01ca46000000
      X-Ms-Version:
      - 2016-05-31
    status: 202 Accepted
    code: 202
