---
version: 1
rwmutex: {}
interactions:
- request:
    body: ""
    form: {}
    headers:
      Authorization:
      - SharedKey golangrocksonazure:AJPuUMRb6sKRJzckXn0+SU1qPX+hwj14Vke3wyJ1Kb8=
      User-Agent:
      - Go/go1.9beta1 (amd64-windows) azure-storage-go/10.0.2 api-version/2016-05-31
        blob
      x-ms-date:
      - Thu, 20 Jul 2017 23:34:08 GMT
      x-ms-version:
      - 2016-05-31
    url: https://golangrocksonazure.blob.core.windows.net/cnt-29pageblobsuitetestputpagebl?restype=container
    method: PUT
  response:
    body: ""
    headers:
      Date:
      - Thu, 20 Jul 2017 23:34:07 GMT
      Etag:
      - '"0x8D4CFC7D12D5CEF"'
      Last-Modified:
      - Thu, 20 Jul 2017 23:34:08 GMT
      Server:
      - Windows-Azure-Blob/1.0 Microsoft-HTTPAPI/2.0
      X-Ms-Request-Id:
      - 7d6132b1-0001-0009-67b0-01ca46000000
      X-Ms-Version:
      - 2016-05-31
    status: 201 Created
    code: 201
- request:
    body: ""
    form: {}
    headers:
      Authorization:
      - SharedKey golangrocksonazure:d7PWi1H4BDfoyvi6p5nbk7nn/+PjEUET0kS/FiQiQP0=
      User-Agent:
      - Go/go1.9beta1 (amd64-windows) azure-storage-go/10.0.2 api-version/2016-05-31
        blob
      x-ms-blob-content-length:
      - "10485760"
      x-ms-blob-sequence-number:
      - "0"
      x-ms-blob-type:
      - PageBlob
      x-ms-date:
      - Thu, 20 Jul 2017 23:34:08 GMT
      x-ms-version:
      - 2016-05-31
    url: https://golangrocksonazure.blob.core.windows.net/cnt-29pageblobsuitetestputpagebl/blob/29pageblobsuitetestputpageblob
    method: PUT
  response:
    body: ""
    headers:
      Date:
      - Thu, 20 Jul 2017 23:34:07 GMT
      Etag:
      - '"0x8D4CFC7D189FFEB"'
      Last-Modified:
      - Thu, 20 Jul 2017 23:34:08 GMT
      Server:
      - Windows-Azure-Blob/1.0 Microsoft-HTTPAPI/2.0
      X-Ms-Request-Id:
      - 7d6132b6-0001-0009-6ab0-01ca46000000
      X-Ms-Request-Server-Encrypted:
      - "true"
      X-Ms-Version:
      - 2016-05-31
    status: 201 Created
    code: 201
- request:
    body: ""
    form: {}
    headers:
      Authorization:
      - SharedKey golangrocksonazure:SVLULhPpi3dxPdbI2DKEEe1pyHAY2CqdINoSBxX1kck=
      User-Agent:
      - Go/go1.9beta1 (amd64-windows) azure-storage-go/10.0.2 api-version/2016-05-31
        blob
      x-ms-date:
      - Thu, 20 Jul 2017 23:34:08 GMT
      x-ms-version:
      - 2016-05-31
    url: https://golangrocksonazure.blob.core.windows.net/cnt-29pageblobsuitetestputpagebl/blob/29pageblobsuitetestputpageblob
    method: HEAD
  response:
    body: ""
    headers:
      Accept-Ranges:
      - bytes
      Content-Length:
      - "10485760"
      Content-Type:
      - application/octet-stream
      Date:
      - Thu, 20 Jul 2017 23:34:07 GMT
      Etag:
      - '"0x8D4CFC7D189FFEB"'
      Last-Modified:
      - Thu, 20 Jul 2017 23:34:08 GMT
      Server:
      - Windows-Azure-Blob/1.0 Microsoft-HTTPAPI/2.0
      X-Ms-Blob-Sequence-Number:
      - "0"
      X-Ms-Blob-Type:
      - PageBlob
      X-Ms-Lease-State:
      - available
      X-Ms-Lease-Status:
      - unlocked
      X-Ms-Request-Id:
      - 7d6132b7-0001-0009-6bb0-01ca46000000
      X-Ms-Server-Encrypted:
      - "true"
      X-Ms-Version:
      - 2016-05-31
    status: 200 OK
    code: 200
- request:
    body: ""
    form: {}
    headers:
      Authorization:
      - SharedKey golangrocksonazure:W9iYBKgm6iRV6vE57FZlYcrj09wyatDqmSmvg/rdw+Y=
      User-Agent:
      - Go/go1.9beta1 (amd64-windows) azure-storage-go/10.0.2 api-version/2016-05-31
        blob
      x-ms-date:
      - Thu, 20 Jul 2017 23:34:08 GMT
      x-ms-version:
      - 2016-05-31
    url: https://golangrocksonazure.blob.core.windows.net/cnt-29pageblobsuitetestputpagebl?restype=container
    method: DELETE
  response:
    body: ""
    headers:
      Date:
      - Thu, 20 Jul 2017 23:34:07 GMT
      Server:
      - Windows-Azure-Blob/1.0 Microsoft-HTTPAPI/2.0
      X-Ms-Request-Id:
      - 7d6132b8-0001-0009-6cb0-01ca46000000
      X-Ms-Version:
      - 2016-05-31
    status: 202 Accepted
    code: 202
